// Jest Snapshot v1, https://goo.gl/fbAQLP

exports[`<Board/> should render correctly with props 1`] = `ShallowWrapper {}`;
